// Jest Snapshot v1, https://goo.gl/fbAQLP

exports[`DynamicArticle tests renders correctly 1`] = `
<div>
  <div>
    <a
      class="back"
      href="/articlelist"
    >
      Back
    </a>
    <article
      class="article"
    >
      <header>
        <img
          alt="You can take a pie on a plane"
          class="image"
          src="https://cdn.cnn.com/cnnnext/dam/assets/170321135754-airport-security-line-file-super-169.jpg"
        />
        <h1>
          You can take a pie on a plane
        </h1>
        <address>
          by 
           (
          <a
            href="mailto:undefined"
          />
          )
          <br />
        </address>
        <time />
      </header>
      <article
        class="container"
      >
        <div />
      </article>
    </article>
  </div>
</div>
`;
